// Jest Snapshot v1, https://goo.gl/fbAQLP

exports[`QueueService personalizeQuestions hides details of other students 1`] = `
ListQuestionsResponse {
  "groups": [],
  "priorityQueue": [],
  "questionsGettingHelp": [],
  "queue": [
    QuestionModel {
      "closedAt": null,
      "createdAt": 2020-11-02T12:00:00.000Z,
      "creator": UserModel {},
      "groupable": true,
      "helpedAt": null,
      "id": 1,
      "location": null,
      "questionTypes": [
        QuestionTypeModel {
          "cid": 1,
          "color": "#000000",
          "id": 1,
          "name": "Question Type",
          "queueId": 2,
        },
      ],
      "status": "Queued",
      "taHelped": null,
      "text": "help us",
    },
    QuestionModel {
      "closedAt": null,
      "createdAt": 2020-11-02T12:00:00.000Z,
      "creator": UserModel {},
      "groupable": true,
      "helpedAt": null,
      "id": 2,
      "location": null,
      "questionTypes": [
        QuestionTypeModel {
          "cid": 1,
          "color": "#000000",
          "id": 2,
          "name": "Question Type",
          "queueId": 3,
        },
      ],
      "status": "Queued",
      "taHelped": null,
      "text": "help someone else",
    },
  ],
  "unresolvedAlerts": [],
  "yourQuestion": {
    "closedAt": null,
    "createdAt": 2020-11-02T12:00:00.000Z,
    "creator": {
      "name": "User Person",
      "photoURL": null,
    },
    "creatorId": 1,
    "firstHelpedAt": null,
    "groupId": null,
    "groupable": true,
    "helpedAt": null,
    "id": 1,
    "location": null,
    "questionTypes": [
      QuestionTypeModel {
        "cid": 1,
        "color": "#000000",
        "id": 1,
        "name": "Question Type",
        "queueId": 2,
      },
    ],
    "queueId": 1,
    "status": "Queued",
    "taHelped": null,
    "taHelpedId": null,
    "text": "help us",
  },
}
`;
