// Jest Snapshot v1, https://goo.gl/fbAQLP

exports[`Profile Integration GET /profile returns the logged-in user profile 1`] = `
{
  "accountType": "legacy",
  "chat_token": {
    "id": 1,
    "max_uses": 30,
    "token": "test",
    "used": 0,
  },
  "courses": [
    {
      "course": {
        "id": 1,
        "name": "CS 2500",
      },
      "role": "student",
    },
  ],
  "defaultMessage": null,
  "desktopNotifs": [],
  "desktopNotifsEnabled": false,
  "email": "user@ubc.ca",
  "emailVerified": true,
  "firstName": "User",
  "id": 1,
  "includeDefaultMessage": true,
  "insights": [
    "TotalStudents",
    "TotalQuestionsAsked",
    "MedianWaitTime",
    "QuestionTypeBreakdown",
    "MostActiveStudents",
    "QuestionToStudentRatio",
    "MedianHelpingTime",
    "AverageTimesByWeekDay",
    "HumanVsChatbot",
    "HumanVsChatbotVotes",
    "MostActiveTimes",
    "HelpSeekingOverTime",
    "StaffEfficiency",
    "StaffTotalHelped",
    "StaffQuestionTimesByDay",
    "StaffWorkload",
  ],
  "lastName": "Person",
  "name": "User Person",
  "organization": {
    "id": 1,
    "orgId": 1,
    "organizationBannerUrl": null,
    "organizationDescription": "UBC Okanagan",
    "organizationLogoUrl": null,
    "organizationName": "UBCO",
    "organizationRole": "member",
  },
  "photoURL": "https://example.com",
  "readChangeLog": false,
  "sid": null,
  "userRole": "user",
}
`;
