// Jest Snapshot v1, https://goo.gl/fbAQLP

exports[`Queue Integration GET /queues/:id returns 401 when not logged in 1`] = `
{
  "error": "Unauthorized",
  "message": "Must be logged in",
  "statusCode": 401,
}
`;

exports[`Queue Integration GET /queues/:id/questions returns questions in the queue 1`] = `
{
  "groups": [],
  "priorityQueue": [],
  "questionsGettingHelp": [],
  "queue": [
    {
      "closedAt": null,
      "createdAt": "2020-03-01T05:00:00.000Z",
      "creator": {
        "id": 1,
      },
      "groupable": true,
      "helpedAt": null,
      "id": 1,
      "location": null,
      "questionTypes": [
        {
          "cid": 1,
          "color": "#000000",
          "id": 1,
          "name": "Question Type",
          "queueId": 1,
        },
      ],
      "status": "Queued",
      "taHelped": null,
      "text": "in queue",
    },
  ],
  "unresolvedAlerts": [],
}
`;
